Node.js v25.2.0
